../Core/Src/main.c:92:6:delay_us	16	static
../Core/Src/main.c:98:6:Trigger_Sensor2	8	static
../Core/Src/main.c:107:6:Trigger_Sensor3	8	static
../Core/Src/main.c:116:6:HAL_GPIO_EXTI_Callback	32	static
../Core/Src/main.c:159:6:HAL_UART_RxCpltCallback	16	static
../Core/Src/main.c:183:9:IsValidHexCard	24	static
../Core/Src/main.c:192:9:Is_Card_Allowed	24	static
../Core/Src/main.c:201:6:Process_UART_Command	232	static
../Core/Src/main.c:276:6:Control_Servo	24	static
../Core/Src/main.c:286:6:Buzzer_Beep	24	static
../Core/Src/main.c:295:6:UID_To_String	40	static
../Core/Src/main.c:304:5:main	240	static
../Core/Src/main.c:539:6:SystemClock_Config	88	static
../Core/Src/main.c:592:13:MX_SPI1_Init	8	static
../Core/Src/main.c:630:13:MX_TIM2_Init	64	static
../Core/Src/main.c:689:13:MX_USART1_UART_Init	8	static
../Core/Src/main.c:722:13:MX_GPIO_Init	56	static
../Core/Src/main.c:830:6:Error_Handler	4	static,ignoring_inline_asm
