../Core/Src/tm_stm32f4_mfrc522.c:29:6:TM_MFRC522_Init	8	static
../Core/Src/tm_stm32f4_mfrc522.c:52:21:TM_MFRC522_Check	24	static
../Core/Src/tm_stm32f4_mfrc522.c:65:21:TM_MFRC522_Compare	24	static
../Core/Src/tm_stm32f4_mfrc522.c:75:6:TM_MFRC522_InitPins	8	static
../Core/Src/tm_stm32f4_mfrc522.c:81:6:TM_MFRC522_WriteRegister	24	static
../Core/Src/tm_stm32f4_mfrc522.c:96:9:TM_MFRC522_ReadRegister	24	static
../Core/Src/tm_stm32f4_mfrc522.c:114:6:TM_MFRC522_SetBitMask	16	static
../Core/Src/tm_stm32f4_mfrc522.c:118:6:TM_MFRC522_ClearBitMask	16	static
../Core/Src/tm_stm32f4_mfrc522.c:122:6:TM_MFRC522_AntennaOn	16	static
../Core/Src/tm_stm32f4_mfrc522.c:131:6:TM_MFRC522_AntennaOff	8	static
../Core/Src/tm_stm32f4_mfrc522.c:135:6:TM_MFRC522_Reset	8	static
../Core/Src/tm_stm32f4_mfrc522.c:139:21:TM_MFRC522_Request	32	static
../Core/Src/tm_stm32f4_mfrc522.c:155:21:TM_MFRC522_ToCard	40	static
../Core/Src/tm_stm32f4_mfrc522.c:236:21:TM_MFRC522_Anticoll	32	static
../Core/Src/tm_stm32f4_mfrc522.c:259:6:TM_MFRC522_CalculateCRC	40	static
../Core/Src/tm_stm32f4_mfrc522.c:280:9:TM_MFRC522_SelectTag	40	static
../Core/Src/tm_stm32f4_mfrc522.c:304:21:TM_MFRC522_Auth	48	static
../Core/Src/tm_stm32f4_mfrc522.c:327:21:TM_MFRC522_Read	32	static
../Core/Src/tm_stm32f4_mfrc522.c:343:21:TM_MFRC522_Write	48	static
../Core/Src/tm_stm32f4_mfrc522.c:373:6:TM_MFRC522_Halt	24	static
